> Task :app:checkKotlinGradlePluginConfigurationErrors
> Task :app:preBuild UP-TO-DATE
> Task :app:preDebugBuild UP-TO-DATE
> Task :app:checkDebugAarMetadata UP-TO-DATE
> Task :app:generateDebugResValues UP-TO-DATE
> Task :app:mapDebugSourceSetPaths UP-TO-DATE
> Task :app:generateDebugResources UP-TO-DATE
> Task :app:mergeDebugResources UP-TO-DATE
> Task :app:packageDebugResources UP-TO-DATE
> Task :app:parseDebugLocalResources UP-TO-DATE
> Task :app:createDebugCompatibleScreenManifests UP-TO-DATE
> Task :app:extractDeepLinksDebug UP-TO-DATE
> Task :app:processDebugMainManifest UP-TO-DATE
> Task :app:processDebugManifest UP-TO-DATE
> Task :app:processDebugManifestForPackage UP-TO-DATE
> Task :app:processDebugResources UP-TO-DATE
> Task :app:kspDebugKotlin UP-TO-DATE

> Task :app:compileDebugKotlin
e: file:///Users/iamthanhloc/AndroidStudioProjects/TempCollect/app/src/main/java/com/tempcollect/ui/screens/CollectionDetailScreen.kt:99:61 Unresolved reference: Palette
e: file:///Users/iamthanhloc/AndroidStudioProjects/TempCollect/app/src/main/java/com/tempcollect/ui/screens/CollectionDetailScreen.kt:113:61 Unresolved reference: Share
e: file:///Users/iamthanhloc/AndroidStudioProjects/TempCollect/app/src/main/java/com/tempcollect/ui/screens/CollectionDetailScreen.kt:324:31 Type mismatch: inferred type is List<String> but Int was expected
e: file:///Users/iamthanhloc/AndroidStudioProjects/TempCollect/app/src/main/java/com/tempcollect/ui/screens/CollectionDetailScreen.kt:326:44 Operator '==' cannot be applied to 'String' and 'Int'
e: file:///Users/iamthanhloc/AndroidStudioProjects/TempCollect/app/src/main/java/com/tempcollect/ui/screens/CollectionDetailScreen.kt:327:60 Type mismatch: inferred type is Int but String was expected
e: file:///Users/iamthanhloc/AndroidStudioProjects/TempCollect/app/src/main/java/com/tempcollect/ui/screens/CollectionDetailScreen.kt:328:43 None of the following functions can be called with the arguments supplied: 
public fun Text(text: AnnotatedString, modifier: Modifier = ..., color: Color = ..., fontSize: TextUnit = ..., fontStyle: FontStyle? = ..., fontWeight: FontWeight? = ..., fontFamily: FontFamily? = ..., letterSpacing: TextUnit = ..., textDecoration: TextDecoration? = ..., textAlign: TextAlign? = ..., lineHeight: TextUnit = ..., overflow: TextOverflow = ..., softWrap: Boolean = ..., maxLines: Int = ..., minLines: Int = ..., inlineContent: Map<String, InlineTextContent> = ..., onTextLayout: (TextLayoutResult) -> Unit = ..., style: TextStyle = ...): Unit defined in androidx.compose.material3
public fun Text(text: String, modifier: Modifier = ..., color: Color = ..., fontSize: TextUnit = ..., fontStyle: FontStyle? = ..., fontWeight: FontWeight? = ..., fontFamily: FontFamily? = ..., letterSpacing: TextUnit = ..., textDecoration: TextDecoration? = ..., textAlign: TextAlign? = ..., lineHeight: TextUnit = ..., overflow: TextOverflow = ..., softWrap: Boolean = ..., maxLines: Int = ..., minLines: Int = ..., onTextLayout: ((TextLayoutResult) -> Unit)? = ..., style: TextStyle = ...): Unit defined in androidx.compose.material3
e: file:///Users/iamthanhloc/AndroidStudioProjects/TempCollect/app/src/main/java/com/tempcollect/ui/screens/HomeScreen.kt:130:27 Type mismatch: inferred type is List<StampEntity> but Int was expected
e: file:///Users/iamthanhloc/AndroidStudioProjects/TempCollect/app/src/main/java/com/tempcollect/ui/screens/HomeScreen.kt:137:59 Unresolved reference: imagePath

> Task :app:compileDebugKotlin FAILED

[Incubating] Problems report is available at: file:///Users/iamthanhloc/AndroidStudioProjects/TempCollect/build/reports/problems/problems-report.html

FAILURE: Build failed with an exception.

* What went wrong:
Execution failed for task ':app:compileDebugKotlin'.
> A failure occurred while executing org.jetbrains.kotlin.compilerRunner.GradleCompilerRunnerWithWorkers$GradleKotlinCompilerWorkAction
   > Compilation error. See log for more details

* Try:
> Run with --stacktrace option to get the stack trace.
> Run with --info or --debug option to get more log output.
> Run with --scan to generate a Build Scan (powered by Develocity).
> Get more help at https://help.gradle.org.

Deprecated Gradle features were used in this build, making it incompatible with Gradle 10.

You can use '--warning-mode all' to show the individual deprecation warnings and determine if they come from your own scripts or plugins.

For more on this, please refer to https://docs.gradle.org/9.2.1/userguide/command_line_interface.html#sec:command_line_warnings in the Gradle documentation.

BUILD FAILED in 3s
16 actionable tasks: 2 executed, 14 up-to-date
